// Jest Snapshot v1, https://goo.gl/fbAQLP

exports[`Button render component 1`] = `
<div>
  <button
    class="css-gkv5w0"
  >
    Button Label
  </button>
</div>
`;

exports[`Button render component with children 1`] = `
<div>
  <button
    class="css-gkv5w0"
  >
    Button Label
  </button>
</div>
`;
