// Jest Snapshot v1, https://goo.gl/fbAQLP

exports[`Heading render component 1`] = `
<div>
  <h1
    class="css-1j1wjfe"
  >
    Heading Label
  </h1>
</div>
`;

exports[`Heading render component with children 1`] = `
<div>
  <h1
    class="css-1j1wjfe"
  >
    Heading Label
  </h1>
</div>
`;
